// Jest Snapshot v1, https://goo.gl/fbAQLP

exports[`<UserProfile /> Snapshot should render properly 1`] = `
.container {
  display: flex !important;
  align-items: center !important;
}

.container:hover {
  cursor: pointer !important;
}

.userContent {
  flex-grow: 1 !important;
  white-space: nowrap !important;
}

.ouflex {
  display: flex;
  flex-basis: auto;
  flex-grow: 0;
  flex-shrink: 1;
  flex-direction: column;
  flex-wrap: undefined;
  align-items: stretch;
  justify-content: flex-start;
  max-width: 100vw;
  width: 48px;
  height: 48px;
  position: relative;
  background-color: undefined;
  overflow: undefined;
}

.container {
  position: relative;
  justify-content: center;
  align-items: center;
  display: block;
  width: 48px;
  height: 0px;
  border-radius: 24px;
  padding-top: 100%;
  overflow: hidden;
  min-width: 48px;
}

.image {
  position: absolute;
  max-width: 100%;
  top: 0px;
  bottom: 0px;
  height: 100%;
  width: 100%;
  object-fit: cover;
  display: block;
}

.children {
  position: absolute;
  top: 0px;
  left: 0px;
  right: 0px;
  bottom: 0px;
  z-index: 2;
}

.oumargin {
  margin: undefined;
  margin-left: 16px;
  margin-right: undefined;
  margin-top: undefined;
  margin-bottom: undefined;
  display: flex;
  position: relative;
  flex-basis: auto;
  flex-grow: 0;
  flex-shrink: 1;
  flex-direction: row;
  align-items: stretch;
  justify-content: flex-start;
  background-color: undefined;
  height: undefined;
  max-width: undefined;
  width: undefined;
}

.oustack {
  display: flex;
  flex-basis: auto;
  flex-grow: 0;
  flex-shrink: 1;
  flex-direction: column;
  align-items: stretch;
  justify-content: flex-start;
  background-color: undefined;
  height: undefined;
  width: undefined;
  max-width: undefined;
  overflow: undefined;
}

.text-textStyle {
  color: #121212;
  font-size: 16px;
  font-weight: bold;
  font-family: Lato, sans-serif;
  display: inline;
  white-space: inherit;
  text-align: undefined;
}

.oustack {
  display: flex;
  flex-basis: auto;
  flex-grow: 0;
  flex-shrink: 1;
  flex-direction: row;
  align-items: stretch;
  justify-content: flex-start;
  background-color: undefined;
  height: undefined;
  width: undefined;
  max-width: undefined;
  overflow: undefined;
}

.oumargin {
  margin: undefined;
  margin-left: undefined;
  margin-right: 4px;
  margin-top: undefined;
  margin-bottom: undefined;
  display: flex;
  position: relative;
  flex-basis: auto;
  flex-grow: 0;
  flex-shrink: 1;
  flex-direction: row;
  align-items: stretch;
  justify-content: flex-start;
  background-color: undefined;
  height: undefined;
  max-width: undefined;
  width: undefined;
}

.starImageStyle {
  width: 12px;
  height: 12px;
  cursor: default;
}

.root {
  height: undefined;
  width: 4px;
  display: inline-block;
}

.text-textStyle {
  color: #8A8A8A;
  font-size: 12px;
  font-weight: normal;
  font-family: Lato, sans-serif;
  display: inline;
  white-space: inherit;
  text-align: undefined;
}

<div
  className="container"
  onClick={[MockFunction]}
>
  <div
    className="ouflex"
  >
    <picture
      className="container"
    >
      <source
        srcSet="https://static.redibs-stg.com/images/default_bg.png"
      />
      <img
        className="image"
        onLoad={[Function]}
        src="https://static.redibs-stg.com/images/default_bg.png"
      />
      <div
        className="children"
      />
    </picture>
  </div>
  <div
    className="userContent"
  >
    <div
      className="oumargin"
    >
      <div
        className="oustack"
      >
        <div
          className="text-textStyle"
        >
          Terrence
        </div>
        <div
          className="oustack"
        >
          <div
            className="oumargin"
          >
            <div
              className="oustack"
            >
              <div
                className="starImageStyle"
                onClick={[Function]}
              >
                <rating-fill-full-star.svg
                  alwaysdark="#121212"
                  alwayslight="#FFFFFF"
                  basalt="#8A8A8A"
                  crystal="#FFFFFF"
                  crystalhover="#F7F7F7"
                  crystalpressed="#EEEEEE"
                  disabled="#FAFAFA"
                  glacialblue="#3D98D2"
                  granite="#ABABAB"
                  height={12}
                  larchyellow="#F4BE19"
                  larchyellowhover="#F5D624"
                  larchyellowpressed="#F3A70C"
                  limestone="#E2E2E2"
                  limestonehover="#EEEEEE"
                  limestonepressed="#D0D0D0"
                  obsidian="#121212"
                  overlay="rgba(18,18,18,0.3)"
                  paintbrushred="#E05666"
                  palousegreen="#00A87E"
                  palousegreenhighlight="#DEF3EC"
                  palousegreenhover="#43B893"
                  palousegreenpressed="#00986A"
                  quartz="#FAFAFA"
                  width={12}
                />
              </div>
              <div
                className="root"
              />
              <div
                className="starImageStyle"
                onClick={[Function]}
              >
                <rating-fill-full-star.svg
                  alwaysdark="#121212"
                  alwayslight="#FFFFFF"
                  basalt="#8A8A8A"
                  crystal="#FFFFFF"
                  crystalhover="#F7F7F7"
                  crystalpressed="#EEEEEE"
                  disabled="#FAFAFA"
                  glacialblue="#3D98D2"
                  granite="#ABABAB"
                  height={12}
                  larchyellow="#F4BE19"
                  larchyellowhover="#F5D624"
                  larchyellowpressed="#F3A70C"
                  limestone="#E2E2E2"
                  limestonehover="#EEEEEE"
                  limestonepressed="#D0D0D0"
                  obsidian="#121212"
                  overlay="rgba(18,18,18,0.3)"
                  paintbrushred="#E05666"
                  palousegreen="#00A87E"
                  palousegreenhighlight="#DEF3EC"
                  palousegreenhover="#43B893"
                  palousegreenpressed="#00986A"
                  quartz="#FAFAFA"
                  width={12}
                />
              </div>
              <div
                className="root"
              />
              <div
                className="starImageStyle"
                onClick={[Function]}
              >
                <rating-fill-full-star.svg
                  alwaysdark="#121212"
                  alwayslight="#FFFFFF"
                  basalt="#8A8A8A"
                  crystal="#FFFFFF"
                  crystalhover="#F7F7F7"
                  crystalpressed="#EEEEEE"
                  disabled="#FAFAFA"
                  glacialblue="#3D98D2"
                  granite="#ABABAB"
                  height={12}
                  larchyellow="#F4BE19"
                  larchyellowhover="#F5D624"
                  larchyellowpressed="#F3A70C"
                  limestone="#E2E2E2"
                  limestonehover="#EEEEEE"
                  limestonepressed="#D0D0D0"
                  obsidian="#121212"
                  overlay="rgba(18,18,18,0.3)"
                  paintbrushred="#E05666"
                  palousegreen="#00A87E"
                  palousegreenhighlight="#DEF3EC"
                  palousegreenhover="#43B893"
                  palousegreenpressed="#00986A"
                  quartz="#FAFAFA"
                  width={12}
                />
              </div>
              <div
                className="root"
              />
              <div
                className="starImageStyle"
                onClick={[Function]}
              >
                <rating-fill-half-star.svg
                  alwaysdark="#121212"
                  alwayslight="#FFFFFF"
                  basalt="#8A8A8A"
                  crystal="#FFFFFF"
                  crystalhover="#F7F7F7"
                  crystalpressed="#EEEEEE"
                  disabled="#FAFAFA"
                  glacialblue="#3D98D2"
                  granite="#ABABAB"
                  height={12}
                  larchyellow="#F4BE19"
                  larchyellowhover="#F5D624"
                  larchyellowpressed="#F3A70C"
                  limestone="#E2E2E2"
                  limestonehover="#EEEEEE"
                  limestonepressed="#D0D0D0"
                  obsidian="#121212"
                  overlay="rgba(18,18,18,0.3)"
                  paintbrushred="#E05666"
                  palousegreen="#00A87E"
                  palousegreenhighlight="#DEF3EC"
                  palousegreenhover="#43B893"
                  palousegreenpressed="#00986A"
                  quartz="#FAFAFA"
                  width={12}
                />
              </div>
              <div
                className="root"
              />
              <div
                className="starImageStyle"
                onClick={[Function]}
              >
                <rating-fill-no-star.svg
                  alwaysdark="#121212"
                  alwayslight="#FFFFFF"
                  basalt="#8A8A8A"
                  crystal="#FFFFFF"
                  crystalhover="#F7F7F7"
                  crystalpressed="#EEEEEE"
                  disabled="#FAFAFA"
                  glacialblue="#3D98D2"
                  granite="#ABABAB"
                  height={12}
                  larchyellow="#F4BE19"
                  larchyellowhover="#F5D624"
                  larchyellowpressed="#F3A70C"
                  limestone="#E2E2E2"
                  limestonehover="#EEEEEE"
                  limestonepressed="#D0D0D0"
                  obsidian="#121212"
                  overlay="rgba(18,18,18,0.3)"
                  paintbrushred="#E05666"
                  palousegreen="#00A87E"
                  palousegreenhighlight="#DEF3EC"
                  palousegreenhover="#43B893"
                  palousegreenpressed="#00986A"
                  quartz="#FAFAFA"
                  width={12}
                />
              </div>
            </div>
          </div>
          <div
            className="text-textStyle"
          >
            (
            22
            )
          </div>
        </div>
        <div
          className="text-textStyle"
        >
          Member since Aug 2015
        </div>
      </div>
    </div>
  </div>
  <actions-chevron-right-line.svg
    alwaysdark="#121212"
    alwayslight="#FFFFFF"
    basalt="#8A8A8A"
    crystal="#FFFFFF"
    crystalhover="#F7F7F7"
    crystalpressed="#EEEEEE"
    disabled="#FAFAFA"
    glacialblue="#3D98D2"
    granite="#ABABAB"
    larchyellow="#F4BE19"
    larchyellowhover="#F5D624"
    larchyellowpressed="#F3A70C"
    limestone="#E2E2E2"
    limestonehover="#EEEEEE"
    limestonepressed="#D0D0D0"
    obsidian="#121212"
    overlay="rgba(18,18,18,0.3)"
    paintbrushred="#E05666"
    palousegreen="#00A87E"
    palousegreenhighlight="#DEF3EC"
    palousegreenhover="#43B893"
    palousegreenpressed="#00986A"
    quartz="#FAFAFA"
    tintcolor="#ABABAB"
  />
</div>
`;
