// Jest Snapshot v1, https://goo.gl/fbAQLP

exports[`ThemeProvider Snapshot Tests ThemeProvider renders properly 1`] = `
<p>
  light_mode standard
</p>
`;
