// Jest Snapshot v1, https://goo.gl/fbAQLP

exports[`ThemeProvider Snapshot Tests ThemeProvider renders properly 1`] = `
<View
  style={
    Object {
      "flex": 1,
    }
  }
>
  <Text>
    light_mode standard
  </Text>
</View>
`;
