// Jest Snapshot v1, https://goo.gl/fbAQLP

exports[`Dialog Snapshot tests Render content 1`] = `
<View
  style={
    Object {
      "alignContent": "center",
      "alignItems": "center",
      "backgroundColor": "rgba(18,18,18,0.3)",
      "flex": 1,
      "justifyContent": "center",
    }
  }
>
  <View
    style={
      Object {
        "alignItems": "stretch",
        "backgroundColor": undefined,
        "flexBasis": "auto",
        "flexDirection": "row",
        "flexGrow": 0,
        "flexShrink": 1,
        "height": undefined,
        "justifyContent": "flex-start",
        "margin": 16,
        "marginBottom": undefined,
        "marginLeft": undefined,
        "marginRight": undefined,
        "marginTop": undefined,
        "width": undefined,
      }
    }
  >
    <View
      style={
        Object {
          "alignContent": "center",
          "alignItems": "center",
          "backgroundColor": "#FFFFFF",
          "borderRadius": 8,
          "flex": 1,
          "justifyContent": "center",
        }
      }
    />
  </View>
</View>
`;
